#!python
cubit.cmd('set node constraint on')
cubit.cmd('import stl "/Users/rajeevjain/try_git/misun_protein_mesh/misun_protein_mesh.stl" merge ')
cubit.cmd('mesh vol all')
cubit.cmd('delete mesh vol all prop')
cubit.cmd('section vol 1 xplane')
cubit.cmd('surf all schem trimesh')
cubit.cmd('mesh surf all')
cubit.cmd('undo group begin')
cubit.cmd('set attribute off')
cubit.cmd('export acis "/Users/rajeevjain/try_git/misun_protein_mesh/pm_acis.sat" overwrite')
cubit.cmd('undo group end')
cubit.cmd('undo group begin')
cubit.cmd('set attribute off')
cubit.cmd('export step "/Users/rajeevjain/try_git/misun_protein_mesh/pm_stp.stp" overwrite')
cubit.cmd('undo group end')
cubit.cmd('webvol 1 about xaxis')
cubit.cmd('web vol 1 about xaxis')
cubit.cmd('regularize volume all ')
cubit.cmd('list model info')
cubit.cmd('mesh surf all')
cubit.cmd('webcut volume 1 with plane xplane offset 0 preview')
cubit.cmd('webcut volume 1 with plane xplane offset 0 noimprint nomerge ')
cubit.cmd('set developer commands on')
cubit.cmd('webcut volume 1 with plane xplane offset 0 noimprint nomerge ')
cubit.cmd('mesh surf all')
cubit.cmd('merge vol all')
cubit.cmd('merge surf all')
cubit.cmd('mesh vol all')
cubit.cmd('delete mesh vol all prop')
cubit.cmd('merge vol all')
cubit.cmd('webcut volume 1 with plane yplane offset 0 preview')
cubit.cmd('webcut volume 1 with plane yplane offset -8.25 preview')
cubit.cmd('webcut volume 1 with plane yplane offset -5.25 preview')
cubit.cmd('webcut volume all with plane yplane offset -5.25 ')
cubit.cmd('merge vol all')
cubit.cmd('mesh surf all')
cubit.cmd('mesh vol all')
cubit.cmd('mesh vol 1')
cubit.cmd('color background white')
cubit.cmd('delete mesh vol all prop')
cubit.cmd('dr vol 1')
cubit.cmd('vol all scheme tetmesh')
cubit.cmd('mesh vol all')
cubit.cmd('dr vol all')
cubit.cmd('help thex')
cubit.cmd('thex vol all')
cubit.cmd('undo group begin')
cubit.cmd('volume all smooth scheme mean ratio cpu 1')
cubit.cmd('smooth volume all')
cubit.cmd('undo group end')
cubit.cmd('undo group begin')
cubit.cmd('volume all smooth scheme smart laplacian ')
cubit.cmd('smooth volume all')
cubit.cmd('undo group end')
cubit.cmd('undo group begin')
cubit.cmd('volume all smooth scheme laplacian ')
cubit.cmd('smooth volume all')
cubit.cmd('undo group end')
cubit.cmd('undo group begin')
cubit.cmd('volume all smooth scheme equipotential ')
cubit.cmd('smooth volume all')
cubit.cmd('undo group end')
cubit.cmd('delete mesh vol all prop')
cubit.cmd('vol all scheme tetmesh')
cubit.cmd('mesh vol all')
cubit.cmd('undo group begin')
cubit.cmd('cleanup volume all')
cubit.cmd('remesh volume all')
cubit.cmd('undo group end')
cubit.cmd('thex vol all')
cubit.cmd('dr vol all')
cubit.cmd('dr hex all')
cubit.cmd('pwd')
cubit.cmd('export mesh \'protein_tet_hex.exo\'')
cubit.cmd('vol all element type hex27')
cubit.cmd('block 1 vol all')
cubit.cmd('block 1 element type hex27')
cubit.cmd('export mesh \'protein_tet_hex.exo\' over')
cubit.cmd('delete mesh vol all prop')
cubit.cmd('mesh vol all')
cubit.cmd('dr vol all')
cubit.cmd('delete mesh vol all prop')
cubit.cmd('curve all size 0.5')
cubit.cmd('mesh vol all')
cubit.cmd('thex vol all')
cubit.cmd('list block 1')
cubit.cmd('export mesh \'protein_tet_hex_coarse.exo\' over')
cubit.cmd('pwd')
cubit.cmd('export mesh \'protein_tet_hex_coarse.exo\' over')
cubit.cmd('merge vol all')
cubit.cmd('list model info')
cubit.cmd('export mesh \'protein_tet_hex_coarse.exo\' over')
cubit.cmd('save  as \'protein_tet_hex_coarse.cub\'')
cubit.cmd('reset')
cubit.cmd('open \'protein_tet_hex_coarse.cub\'')
cubit.cmd('export mesh \'protein_tet_hex_coarse.exo\' over')
cubit.cmd('block 1 vol all')
cubit.cmd('block 1 element type hex27')
cubit.cmd('export mesh \'protein_tet_hex_coarse.exo\' over')
cubit.cmd('reset')
cubit.cmd('import mesh geometry \'protein_tet_hex_coarse.exo\'')
cubit.cmd('undo group begin')
cubit.cmd('volume all smooth scheme condition number beta 2.0 cpu 2')
cubit.cmd('smooth volume all')
cubit.cmd('undo group end')
cubit.cmd('undo group begin')
cubit.cmd('volume all smooth scheme mean ratio cpu 2')
cubit.cmd('smooth volume all')
cubit.cmd('undo group end')
cubit.cmd('exit')
