#!python
cubit.cmd('set node constraint on')
cubit.cmd('import stl "/Users/rajeevjain/try_git/misun_protein_mesh/misun_protein_mesh.stl" merge ')
cubit.cmd('set developer on')
cubit.cmd('webcut volume 1  with plane xplane offset 0 preview')
cubit.cmd('webcut volume 1  with plane xplane offset 0 noimprint nomerge ')
cubit.cmd('webcut volume 1  with plane yplane offset 0 preview')
cubit.cmd('webcut volume 1  with plane yplane offset 5.25 preview')
cubit.cmd('webcut volume 1  with plane yplane offset -5.25 preview')
cubit.cmd('webcut volume 1  with plane yplane offset -5.25 noimprint nomerge ')
cubit.cmd('imprint vol all')
cubit.cmd('merge vol all')
cubit.cmd('surf all scheme pave')
cubit.cmd('mesh surf all')
cubit.cmd('mesh vol all')
cubit.cmd('delete mesh vol all prop')
cubit.cmd('surf all scheme trimesh')
cubit.cmd('mesh vol all')
cubit.cmd('mesh surf all')
cubit.cmd('reset')
cubit.cmd('pwd')
cubit.cmd('import mesh geometry "/Users/rajeevjain/try_git/misun_protein_mesh/protein_tet_hex_coarse.exo" block all use nodeset sideset feature_angle 135.00 linear merge ')
cubit.cmd('quality volume all aspect ratio global')
cubit.cmd('quality volume all aspect ratio global draw mesh')
cubit.cmd('reset')
cubit.cmd('import stl "/Users/rajeevjain/try_git/misun_protein_mesh/misun_protein_mesh.stl" merge ')
cubit.cmd('import stl "/Users/rajeevjain/try_git/misun_protein_mesh/misun_protein_mesh.stl" merge ')
cubit.cmd('webcut volume 1  with plane zplane preview')
cubit.cmd('webcut volume 1  with plane yplane preview')
cubit.cmd('reset')
cubit.cmd('import stl "/Users/rajeevjain/try_git/misun_protein_mesh/misun_protein_mesh.stl" merge ')
cubit.cmd('webcut volume 1  with plane yplane preview')
cubit.cmd('webcut volume 1  with plane zplane preview')
cubit.cmd('reste')
cubit.cmd('reset')
cubit.cmd('import stl "/Users/rajeevjain/try_git/misun_protein_mesh/misun_protein_mesh.stl" merge ')
cubit.cmd('webcut volume 1  with plane zplane preview')
cubit.cmd('webcut volume 1  with plane xplane preview')
cubit.cmd('webcut volume 1  with plane yplane preview')
cubit.cmd('webcut volume 1  with plane xplane preview')
cubit.cmd('webcut volume 1  with plane xplane noimprint nomerge ')
cubit.cmd('webcut volume 1  with plane normal to curve 1  position 0.122798 -1.44434 -5.10767 preview')
cubit.cmd('webcut volume 1  with sheet extended from surface 3  preview')
cubit.cmd('mesh surf all')
cubit.cmd('list model info')
cubit.cmd('mesh vol all')
cubit.cmd('dr hex all')
cubit.cmd('delete mesh vol all')
cubit.cmd('delete mesh vol all prop')
cubit.cmd('merge vol all')
cubit.cmd('reset')
cubit.cmd('mbsize protein_tet_hex_coarse.exo')
cubit.cmd('File protein_tet_hex_coarse.exo:')
cubit.cmd('   type    count   total                 minimum                 average                     rms                 maximum                std.dev.')
cubit.cmd('------- -------- ------- ----------------------- ----------------------- ----------------------- ----------------------- -----------------------')
cubit.cmd('    Hex   289924   1e+03              0.00058362               0.0034942               0.0036207                 0.01068              0.00094869')
cubit.cmd('1D Side  3479088 5.8e+05                 0.03902                 0.16594                 0.17776                  0.4857                0.063746')
cubit.cmd(' Vertex')
cubit.cmd('import mesh geometry "/Users/rajeevjain/try_git/misun_protein_mesh/protein_tet_hex_coarse.exo" block all use nodeset sideset feature_angle 135.00 linear merge ')
cubit.cmd('delete mesh vol all prop')
cubit.cmd('webcut volume 1  with plane yplane preview')
cubit.cmd('webcut volume 1  with plane xplane preview')
