         745        1108           9         512        5960        1108           0
         217         433         432         431         430         317         314         429         428
         169         429         428         431         430         425         424         260         259
         163         260         259         431         430         256         255         433         432
         219         433         432         317         314         398         397         396         395
         251         398         397         396         395         358          21         357         355
         251         358          21         357         355         368         367         366         365
         245         368         367         366         365         353         352         351         350
         243         353         352         351         350        1108        1107        1106        1105
         361        1108        1107        1106        1105         660         659        1104        1103
         333        1108        1107         660         659         574         573         652         572
         335         574         573         652         572         584         583         582         581
         327         584         583         582         581         564         563         575         569
         325         564         563         575         569         568         567         603         566
         323         568         567         603         566         964         963         962         961
         507         964         963         962         961         833         831         960         959
         507         964         963         833         831         867         866         865         864
         463         867         866         865         864         767          20         766         761
         463         767          20         766         761         765         759         764         760
         462         765         759         764         760         805         804         803         802
         467         805         804         803         802        1102        1101         776         772
         467         776         772        1100        1099        1102        1101        1098        1097
         147        1102        1101        1098        1097         228          19         231         230
         147         228          19         231         230         219         216         218         215
         145         219         216         218         215         300         299         298         297
         161         300         299         298         297         248         245         247         244
         163         248         245         247         244         433         432         256         255
         501         820         818         838         837         958         957         960         959
         322         958         957         960         959         607         561         962         961
         323         607         561         962         961         605         562         603         566
         321         605         562         603         566         576         565         575         569
         326         576         565         575         569         580         579         582         581
         332         580         579         582         581         654         571         652         572
         333         654         571         652         572         658         657         660         659
         360         658         657         660         659         611         610        1104        1103
         169         254         249         425         424         253         250         260         259
         171         253         250         260         259         258         257         256         255
         162         258         257         256         255         246         243         247         244
         160         246         243         247         244         296         295         298         297
         144         296         295         298         297         217         214         218         215
         146         217         214         218         215         233         232         231         230
         159         233         232         231         230         221          18        1098        1097
         159         221          18        1098        1097        1094        1093        1100        1099
         363          17          16         611         610        1096        1095        1104        1103
         241        1096        1095        1104        1103         347         346        1106        1105
         243         347         346        1106        1105         349         345         351         350
         242         349         345         351         350         364         363         366         365
         250         364         363         366         365         356         354         357         355
         249         356         354         357         355         394         393         396         395
         216         394         393         396         395         316         313         317         314
         217         316         313         317         314         319         318         429         428
         221         319         318         429         428         427         426         425         424
         168         427         426         425         424         252          15         254         249
         469          14          13        1094        1093         778         777        1100        1099
         466         778         777        1100        1099         775         771         776         772
         465         775         771         776         772         801         800         803         802
         461         801         800         803         802         763          12         764         760
         461         763          12         764         760         762         758         766         761
         460         762         758         766         761         863         862         865         864
         506         863         862         865         864         832         830         833         831
         505         832         830         833         831         841         829         960         959
         504         841         829         960         959         840         839         838         837
         500         840         839         838         837         821          11         820         818
         223         423         433         422         431         324         317         421         429
         173         421         429         422         431         419         425         279         260
         170         279         260         422         431         278         256         423         433
         219         423         433         324         317         392         398         391         396
         248         392         398         391         396         359         358         390         357
         255         359         358         390         357         362         368         361         366
         245         362         368         361         366         348         353         377         351
         247         348         353         377         351        1092        1108        1091        1106
         361        1092        1108        1091        1106         656         660        1090        1104
         334        1092        1108         656         660         650         574         653         652
         335         650         574         653         652         578         584         577         582
         327         578         584         577         582         601         564         599         575
         325         601         564         599         575         598         568         604         603
         320         598         568         604         603         956         964         955         962
         509         956         964         955         962         836         833         954         960
         508         956         964         836         833         861         867         860         865
         459         861         867         860         865         770         767         769         766
         459         770         767         769         766         795         765         793         764
         458         795         765         793         764         799         805         798         803
         464         799         805         798         803        1089        1102         784         776
         471         784         776        1088        1100        1089        1102        1087        1098
         157        1089        1102        1087        1098         229         228         227         231
         149         229         228         227         231         225         219         224         218
         151         225         219         224         218         294         300         293         298
         167         294         300         293         298         276         248         274         247
         167         276         248         274         247         423         433         278         256
         501         828         820         827         838         953         958         954         960
         339         953         958         954         960         585         607         955         962
         339         585         607         955         962         606         605         604         603
         324         606         605         604         603         596         576         599         575
         329         596         576         599         575         570         580         577         582
         329         570         580         577         582         655         654         653         652
         365         655         654         653         652         614         658         656         660
         362         614         658         656         660         613         611        1090        1104
         172         251         254         419         425         272         253         279         260
         171         272         253         279         260         271         258         278         256
         166         271         258         278         256         269         246         274         247
         165         269         246         274         247         292         296         293         298
         148         292         296         293         298         223         217         224         218
         149         223         217         224         218         226         233         227         231
         156         226         233         227         231         222         221        1087        1098
         158         222         221        1087        1098        1085        1094        1088        1100
         363         612          17         613         611        1086        1096        1090        1104
         241        1086        1096        1090        1104         376         347        1091        1106
         240         376         347        1091        1106         375         349         377         351
         244         375         349         377         351         360         364         361         366
         253         360         364         361         366         389         356         390         357
         249         389         356         390         357         388         394         391         396
         218         388         394         391         396         323         316         324         317
         220         323         316         324         317         315         319         421         429
         221         315         319         421         429         420         427         419         425
         175         420         427         419         425          10         252         251         254
         469         774          14        1085        1094         773         778        1088        1100
         468         773         778        1088        1100         782         775         784         776
         465         782         775         784         776         797         801         798         803
         457         797         801         798         803         789         763         793         764
         457         789         763         793         764         768         762         769         766
         456         768         762         769         766         859         863         860         865
         511         859         863         860         865         835         832         836         833
         505         835         832         836         833         834         841         954         960
         503         834         841         954         960         826         840         827         838
         503         826         840         827         838         819         821         828         820
         209         418         423         417         422         321         324         416         421
         173         416         421         417         422         414         419         280         279
         181         280         279         417         422         262         278         418         423
         215         418         423         321         324         387         392         386         391
         254         387         392         386         391         385         359         384         390
         255         385         359         384         390         374         362         373         361
         246         374         362         373         361         372         348         371         377
         247         372         348         371         377        1084        1092        1083        1091
         367        1084        1092        1083        1091         618         656        1082        1090
         364        1084        1092         618         656         651         650         649         653
         331         651         650         649         653         646         578         644         577
         331         646         578         644         577         602         601         600         599
         343         602         601         600         599         594         598         592         604
         342         594         598         592         604         952         956         951         955
         509         952         956         951         955         849         836         950         954
         510         952         956         849         836         858         861         857         860
         453         858         861         857         860         854         770         852         769
         455         854         770         852         769         796         795         794         793
         479         796         795         794         793         792         799         791         798
         479         792         799         791         798        1081        1089         785         784
         475         785         784        1080        1088        1081        1089        1079        1087
         157        1081        1089        1079        1087         242         229         241         227
         155         242         229         241         227         240         225         239         224
         151         240         225         239         224         291         294         290         293
         164         291         294         290         293         277         276         275         274
         177         277         276         275         274         418         423         262         278
         499         822         828         824         827         949         953         950         954
         337         949         953         950         954         586         585         951         955
         338         586         585         951         955         587         606         592         604
         343         587         606         592         604         597         596         600         599
         330         597         596         600         599         642         570         644         577
         328         642         570         644         577         648         655         649         653
         365         648         655         649         653         617         614         618         656
         367         617         614         618         656         616         613        1082        1090
         174         407         251         414         419         273         272         280         279
         180         273         272         280         279         261         271         262         278
         177         261         271         262         278         270         269         275         274
         165         270         269         275         274         289         292         290         293
         150         289         292         290         293         238         223         239         224
         155         238         223         239         224         237         226         241         227
         154         237         226         241         227         220         222        1079        1087
         153         220         222        1079        1087        1077        1085        1080        1088
         366         615         612         616         613        1078        1086        1082        1090
         233        1078        1086        1082        1090         334         376        1083        1091
         232         334         376        1083        1091         370         375         371         377
         252         370         375         371         377         369         360         373         361
         253         369         360         373         361         383         389         384         390
         213         383         389         384         390         312         388         386         391
         215         312         388         386         391         322         323         321         324
         223         322         323         321         324         320         315         416         421
         222         320         315         416         421         415         420         414         419
         175         415         420         414         419         409          10         407         251
         470         781         774        1077        1085         780         773        1080        1088
         471         780         773        1080        1088         783         782         785         784
         478         783         782         785         784         779         797         791         798
         477         779         797         791         798         790         789         794         793
         452         790         789         794         793         850         768         852         769
         453         850         768         852         769         856         859         857         860
         511         856         859         857         860         848         835         849         836
         498         848         835         849         836         847         834         950         954
         499         847         834         950         954         825         826         824         827
         502         825         826         824         827         823         819         822         828
         211         413         418         412         417         331         321         411         416
         183         411         416         412         417         410         414         402         280
         181         402         280         412         417         268         262         413         418
         208         413         418         331         321         330         387         329         386
         212         330         387         329         386         382         385         381         384
         225         382         385         381         384         344         374         343         373
         235         344         374         343         373         342         372         341         371
         237         342         372         341         371        1076        1084        1075        1083
         357        1076        1084        1075        1083         635         618        1074        1082
         353        1076        1084         635         618         634         651         632         649
         352         634         651         632         649         647         646         645         644
         347         647         646         645         644         641         602         639         600
         346         641         602         639         600         595         594         593         592
         341         595         594         593         592         948         952         947         951
         495         948         952         947         951         817         849         946         950
         495         948         952         817         849         813         858         812         857
         494         813         858         812         857         855         854         853         852
         455         855         854         853         852         757         796         786         794
         451         757         796         786         794         890         792         889         791
         473         890         792         889         791        1073        1081         888         785
         475         888         785        1072        1080        1073        1081        1071        1079
         129        1073        1081        1071        1079         213         242         235         241
         141         213         242         235         241         212         240         211         239
         143         212         240         211         239         288         291         287         290
         179         288         291         287         290         286         277         285         275
         178         286         277         285         275         413         418         268         262
         497         846         822         845         824         945         949         946         950
         336         945         949         946         950         591         586         947         951
         341         591         586         947         951         590         587         593         592
         340         590         587         593         592         637         597         639         600
         347         637         597         639         600         643         642         645         644
         355         643         642         645         644         630         648         632         649
         355         630         648         632         649         609         617         635         618
         356         609         617         635         618         608         616        1074        1082
         183         408         407         410         414         267         273         402         280
         182         267         273         402         280         266         261         268         262
         176         266         261         268         262         284         270         285         275
         179         284         270         285         275         283         289         287         290
         140         283         289         287         290         210         238         211         239
         141         210         238         211         239         236         237         235         241
         152         236         237         235         241         234         220        1071        1079
         153         234         220        1071        1079        1069        1077        1072        1080
         359           9         615         608         616        1070        1078        1074        1082
         233        1070        1078        1074        1082         336         334        1075        1083
         234         336         334        1075        1083         340         370         341         371
         235         340         370         341         371         339         369         343         373
         227         339         369         343         373         380         383         381         384
         213         380         383         381         384         328         312         329         386
         214         328         312         329         386         327         322         331         321
         211         327         322         331         321         326         320         411         416
         210         326         320         411         416         325         415         410         414
         205         325         415         410         414           8         409         408         407
         474         887         781        1069        1077         886         780        1072        1080
         472         886         780        1072        1080         885         783         888         785
         476         885         783         888         785         788         779         889         791
         477         788         779         889         791         787         790         786         794
         454         787         790         786         794         851         850         853         852
         493         851         850         853         852         811         856         812         857
         493         811         856         812         857         816         848         817         849
         492         816         848         817         849         844         847         946         950
         496         844         847         946         950         843         825         845         824
         497         843         825         845         824         842         823         846         822
         197         406         413         405         412         308         331         311         411
         207         311         411         405         412         404         410         403         402
         189         403         402         405         412         265         268         406         413
         199         406         413         308         331         485         330         302         329
         193         485         330         302         329         484         382         379         381
         224         484         382         379         381         483         344         333         343
         231         483         344         333         343        1034         342         338         341
         237        1034         342         338         341        1068        1076        1067        1075
         357        1068        1076        1067        1075         636         635        1066        1074
         377        1068        1076         636         635         626         634         633         632
         377         626         634         633         632         623         647         624         645
         379         623         647         624         645         685         641         640         639
         345         685         641         640         639         684         595         588         593
         344         684         595         588         593         944         948         943         947
         481         944         948         943         947         815         817         942         946
         491         944         948         815         817         941         813         884         812
         491         941         813         884         812         883         855         882         853
         449         883         855         882         853         881         757         880         786
         451         881         757         880         786         879         890         878         889
         427         879         890         878         889        1065        1073         876         888
         427         876         888        1064        1072        1065        1073        1063        1071
         133        1065        1073        1063        1071        1046         213         205         235
         128        1046         213         205         235         482         212         209         211
         143         482         212         209         211         481         288         207         287
         137         481         288         207         287         480         286         282         285
         191         480         286         282         285         406         413         265         268
         480         940         846         939         845         938         945         942         946
         349         938         945         942         946         683         591         943         947
         349         683         591         943         947         589         590         588         593
         345         589         590         588         593         638         637         640         639
         381         638         637         640         639         622         643         624         645
         380         622         643         624         645         631         630         633         632
         354         631         630         633         632         629         609         636         635
         358         629         609         636         635         628         608        1066        1074
         187         401         408         404         410         263         267         403         402
         187         263         267         403         402         264         266         265         268
         189         264         266         265         268         281         284         282         285
         137         281         284         282         285         206         283         207         287
         142         206         283         207         287         208         210         209         211
         131         208         210         209         211         204         236         205         235
         135         204         236         205         235         203         234        1063        1071
         135         203         234        1063        1071        1061        1069        1064        1072
         359         627           9         628         608        1062        1070        1066        1074
         239        1062        1070        1066        1074         335         336        1067        1075
         236         335         336        1067        1075         337         340         338         341
         226         337         340         338         341         332         339         333         343
         227         332         339         333         343         378         380         379         381
         195         378         380         379         381         301         328         302         329
         196         301         328         302         329         309         327         308         331
         197         309         327         308         331         310         326         311         411
         204         310         326         311         411         304         325         404         410
         205         304         325         404         410         303           8         401         408
         425           7         887        1061        1069         710         886        1064        1072
         426         710         886        1064        1072         877         885         876         888
         473         877         885         876         888         875         788         878         889
         450         875         788         878         889         874         787         880         786
         448         874         787         880         786         873         851         882         853
         490         873         851         882         853         872         811         884         812
         489         872         811         884         812         814         816         815         817
         483         814         816         815         817         810         844         942         946
         487         810         844         942         946         809         843         939         845
         487         809         843         939         845         806         842         940         846
         198         479         406         478         405         477         308         476         311
         203         476         311         478         405         400         404         475         403
         186         475         403         478         405         474         265         479         406
         199         479         406         477         308         473         485         472         302
         192         473         485         472         302         471         484         470         379
         229         471         484         470         379         469         483         468         333
         231         469         483         468         333        1035        1034         467         338
         230        1035        1034         467         338        1060        1068        1059        1067
         375        1060        1068        1059        1067         621         636        1058        1066
         369        1060        1068         621         636         682         626         681         633
         383         682         626         681         633         680         623         679         624
         379         680         623         679         624         678         685         677         640
         351         678         685         677         640         676         684         675         588
         350         676         684         675         588         937         944         936         943
         482         937         944         936         943         935         815         934         942
         488         937         944         935         815         933         941         871         884
         415         933         941         871         884         756         883         755         882
         419         756         883         755         882         754         881         753         880
         421         754         881         753         880        1057         879         712         878
         431        1057         879         712         878        1056        1065         733         876
         430         733         876        1055        1064        1056        1065        1054        1063
         133        1056        1065        1054        1063        1047        1046         466         205
         130        1047        1046         466         205         465         482         464         209
         139         465         482         464         209         463         481         462         207
         138         463         481         462         207         461         480         460         282
         191         461         480         460         282         479         406         474         265
         315         931         940         932         939         524         938         934         942
         314         524         938         934         942         674         683         936         943
         348         674         683         936         943         673         589         675         588
         351         673         589         675         588         672         638         677         640
         381         672         638         677         640         671         622         679         624
         383         671         622         679         624         625         631         681         633
         371         625         631         681         633         619         629         621         636
         371         619         629         621         636         620         628        1058        1066
         185         399         401         400         404         459         263         475         403
         184         459         263         475         403         458         264         474         265
         188         458         264         474         265         457         281         460         282
         136         457         281         460         282         456         206         462         207
         139         456         206         462         207         455         208         464         209
         131         455         208         464         209         454         204         466         205
         132         454         204         466         205         453         203        1054        1063
         134         453         203        1054        1063        1052        1061        1055        1064
         373           6         627         620         628        1053        1062        1058        1066
         239        1053        1062        1058        1066         452         335        1059        1067
         238         452         335        1059        1067         451         337         467         338
         228         451         337         467         338         450         332         468         333
         229         450         332         468         333         449         378         470         379
         195         449         378         470         379         448         301         472         302
         194         448         301         472         302         447         309         477         308
         203         447         309         477         308         307         310         476         311
         207         307         310         476         311         306         304         400         404
         206         306         304         400         404         305         303         399         401
         425         738           7        1052        1061         737         710        1055        1064
         424         737         710        1055        1064         735         877         733         876
         431         735         877         733         876         711         875         712         878
         418         711         875         712         878         752         874         753         880
         419         752         874         753         880         751         873         755         882
         385         751         873         755         882         870         872         871         884
         489         870         872         871         884         869         814         935         815
         483         869         814         935         815         868         810         934         942
         485         868         810         934         942         808         809         932         939
         486         808         809         932         939         807         806         931         940
         293         676         684         937         944         930         929         933         941
         411         930         929         933         941         928         927         756         883
         423         928         927         756         883        1051        1050         754         881
         422        1051        1050         754         881        1049        1048        1057         879
         420        1049        1048        1057         879        1047        1046        1056        1065
         291         678         685         676         684         670         669         930         929
         289         670         669         930         929        1045        1044         928         927
         423        1045        1044         928         927        1043        1042        1051        1050
          23        1043        1042        1051        1050          37          35        1049        1048
          22          37          35        1049        1048         465         482        1047        1046
         378         680         623         678         685        1041        1040         670         669
         288        1041        1040         670         669        1039        1038        1045        1044
          17        1039        1038        1045        1044         200         199        1043        1042
          23         200         199        1043        1042          89          36          37          35
          21          89          36          37          35         463         481         465         482
         376         682         626         680         623        1037        1036        1041        1040
          91        1037        1036        1041        1040         107         106        1039        1038
          90         107         106        1039        1038         202         201         200         199
          19         202         201         200         199         446         445          89          36
          20         446         445          89          36         461         480         463         481
         375        1060        1068         682         626        1035        1034        1037        1036
          91        1035        1034        1037        1036         469         483         107         106
          89         469         483         107         106         471         484         202         201
          99         471         484         202         201         473         485         446         445
         190         473         485         446         445         479         406         461         480
         125         198         479         443         478         437         477         444         476
         201         444         476         443         478         442         400         441         475
          37         441         475         443         478          42         474         198         479
         124         198         479         437         477         142         473         141         472
         103         142         473         141         472         164         471         163         470
          93         164         471         163         470         159         469         157         468
          93         159         469         157         468        1016        1035         112         467
          71        1016        1035         112         467        1033        1060        1032        1059
         372        1033        1060        1032        1059         668         621        1031        1058
         369        1033        1060         668         621        1030         682         667         681
         287        1030         682         667         681         513         680         665         679
         287         513         680         665         679         560         678         559         677
         295         560         678         559         677         515         676         517         675
         293         515         676         517         675         926         937         542         936
         292         926         937         542         936         925         935         922         934
         387         926         937         925         935         924         933         709         871
         415         924         933         709         871         708         756         707         755
         414         708         756         707         755         750         754         749         753
         417         750         754         749         753        1029        1057         732         712
         429        1029        1057         732         712        1028        1056         734         733
         428         734         733        1027        1055        1028        1056        1026        1054
          31        1028        1056        1026        1054          40        1047          39         466
          31          40        1047          39         466          93         465          92         464
          63          93         465          92         464          91         463          62         462
          63          91         463          62         462         194         461          75         460
          37         194         461          75         460         198         479          42         474
         315         918         931         920         932         528         524         922         934
         313         528         524         922         934         543         674         542         936
         301         543         674         542         936         514         673         517         675
         300         514         673         517         675         558         672         559         677
         286         558         672         559         677         666         671         665         679
         382         666         671         665         679         664         625         667         681
         368         664         625         667         681         663         619         668         621
         370         663         619         668         621         662         620        1031        1058
         185         440         399         442         400         439         459         441         475
          39         439         459         441         475          41         458          42         474
          36          41         458          42         474          74         457          75         460
          57          74         457          75         460          61         456          62         462
          57          61         456          62         462          90         455          92         464
           1          90         455          92         464          25         454          39         466
           7          25         454          39         466          23         453        1026        1054
           7          23         453        1026        1054        1024        1052        1027        1055
         373         661           6         662         620        1025        1053        1031        1058
          70        1025        1053        1031        1058          94         452        1032        1059
          71          94         452        1032        1059          95         451         112         467
          67          95         451         112         467         155         450         157         468
          66         155         450         157         468         162         449         163         470
         103         162         449         163         470         140         448         141         472
         127         140         448         141         472         438         447         437         477
         202         438         447         437         477         436         307         444         476
         201         436         307         444         476         435         306         442         400
         200         435         306         442         400         434         305         440         399
         437           5         738        1024        1052         716         737        1027        1055
         436         716         737        1027        1055         736         735         734         733
         429         736         735         734         733         731         711         732         712
         416         731         711         732         712         748         752         749         753
         413         748         752         749         753         706         751         707         755
         384         706         751         707         755         686         870         709         871
         387         686         870         709         871         687         869         925         935
         391         687         869         925         935         923         868         922         934
         485         923         868         922         934         921         808         920         932
         484         921         808         920         932         919         807         918         931
         294         515         676         926         937         917         930         924         933
         411         917         930         924         933         916         928         708         756
         410         916         928         708         756        1023        1051         750         754
         421        1023        1051         750         754        1022        1049        1029        1057
          29        1022        1049        1029        1057          40        1047        1028        1056
         291         560         678         515         676         557         670         917         930
         290         557         670         917         930        1021        1045         916         928
         409        1021        1045         916         928        1020        1043        1023        1051
          25        1020        1043        1023        1051          84          37        1022        1049
          30          84          37        1022        1049          93         465          40        1047
         283         513         680         560         678        1019        1041         557         670
         282        1019        1041         557         670        1018        1039        1021        1045
          16        1018        1039        1021        1045         196         200        1020        1043
          18         196         200        1020        1043         185          89          84          37
          21         185          89          84          37          91         463          93         465
         283        1030         682         513         680        1017        1037        1019        1041
          95        1017        1037        1019        1041         109         107        1018        1039
          88         109         107        1018        1039         197         202         196         200
          19         197         202         196         200         195         446         185          89
          62         195         446         185          89         194         461          91         463
         374        1033        1060        1030         682        1016        1035        1017        1037
          92        1016        1035        1017        1037         159         469         109         107
          89         159         469         109         107         164         471         197         202
          99         164         471         197         202         142         473         195         446
          98         142         473         195         446         198         479         194         461
         125         193         198         192         443         126         437         191         444
          43         191         444         192         443         189         442         179         441
          38         179         441         192         443          54          42         193         198
         126         193         198         126         437         139         142         138         141
         101         139         142         138         141         161         164         131         163
         100         161         164         131         163         160         159         158         157
          65         160         159         158         157         111        1016         104         112
          69         111        1016         104         112        1015        1033        1014        1032
         263        1015        1033        1014        1032         501         668        1013        1031
         261        1015        1033         501         668        1012        1030         504         667
         265        1012        1030         504         667         512         513         511         665
         285         512         513         511         665         556         560         555         559
         303         556         560         555         559         516         515         535         517
         297         516         515         535         517         915         926         541         542
         312         915         926         541         542         914         925         911         922
         389         915         926         914         925         913         924         697         709
         388         913         924         697         709         705         708         704         707
         412         705         708         704         707         747         750         746         749
         441         747         750         746         749        1011        1029         730         732
         440        1011        1029         730         732        1010        1028         729         734
         439         729         734        1009        1027        1010        1028        1008        1026
           3        1010        1028        1008        1026          38          40          33          39
           0          38          40          33          39          88          93          87          92
          61          88          93          87          92          67          91          66          62
          59          67          91          66          62         184         194          73          75
          35         184         194          73          75         193         198          54          42
         319         527         918         900         920         534         528         911         922
         313         534         528         911         922         540         543         541         542
         301         540         543         541         542         537         514         535         517
         303         537         514         535         517         554         558         555         559
         284         554         558         555         559         510         666         511         665
         265         510         666         511         665         503         664         504         667
         261         503         664         504         667         499         663         501         668
         263         499         663         501         668         490         662        1013        1031
          43          45         440         189         442          56         439         179         441
          39          56         439         179         441          52          41          54          42
          35          52          41          54          42          72          74          73          75
          59          72          74          73          75          65          61          66          62
          56          65          61          66          62          86          90          87          92
           3          86          90          87          92          24          25          33          39
           5          24          25          33          39          22          23        1008        1026
           6          22          23        1008        1026        1006        1024        1009        1027
         262         489         661         490         662        1007        1025        1013        1031
          68        1007        1025        1013        1031         103          94        1014        1032
          69         103          94        1014        1032         101          95         104         112
          67         101          95         104         112         156         155         158         157
         105         156         155         158         157         133         162         131         163
         102         133         162         131         163         137         140         138         141
         127         137         140         138         141         120         438         126         437
         121         120         438         126         437         119         436         191         444
         121         119         436         191         444         190         435         189         442
          42         190         435         189         442          44         434          45         440
         437         718           5        1006        1024         717         716        1009        1027
         439         717         716        1009        1027         725         736         729         734
         438         725         736         729         734         728         731         730         732
         441         728         731         730         732         745         748         746         749
         413         745         748         746         749         703         706         704         707
         386         703         706         704         707         696         686         697         709
         390         696         686         697         709         695         687         914         925
         391         695         687         914         925         912         923         911         922
         318         912         923         911         922         902         921         900         920
         319         902         921         900         920         526         919         527         918
         297         516         515         915         926         910         917         913         924
         408         910         917         913         924         909         916         705         708
         409         909         916         705         708        1005        1023         747         750
         443        1005        1023         747         750        1004        1022        1011        1029
          29        1004        1022        1011        1029          38          40        1010        1028
         295         556         560         516         515         553         557         910         917
         275         553         557         910         917        1003        1021         909         916
         401        1003        1021         909         916        1002        1020        1005        1023
          25        1002        1020        1005        1023          85          84        1004        1022
          28          85          84        1004        1022          88          93          38          40
         281         512         513         556         560        1001        1019         553         557
         280        1001        1019         553         557        1000        1018        1003        1021
          27        1000        1018        1003        1021         188         196        1002        1020
          24         188         196        1002        1020         186         185          85          84
          61         186         185          85          84          67          91          88          93
         281        1012        1030         512         513         999        1017        1001        1019
          87         999        1017        1001        1019         108         109        1000        1018
          87         108         109        1000        1018         154         197         188         196
          97         154         197         188         196         187         195         186         185
          60         187         195         186         185         184         194          67          91
          94        1015        1033        1012        1030         111        1016         999        1017
          95         111        1016         999        1017         160         159         108         109
          86         160         159         108         109         161         164         154         197
         101         161         164         154         197         139         142         187         195
          96         139         142         187         195         193         198         184         194
         123         183         193         182         192         125         126         124         191
         119         124         191         182         192         181         189         180         179
          45         180         179         182         192          55          54         183         193
         115         183         193         125         126         136         139         135         138
         107         136         139         135         138         153         161         132         131
         104         153         161         132         131         152         160         151         158
          73         152         160         151         158         110         111         105         104
          77         110         111         105         104         998        1015         997        1014
         260         998        1015         997        1014         502         501         996        1013
         267         998        1015         502         501         995        1012         495         504
         266         995        1012         495         504         509         512         508         511
         285         509         512         508         511         552         556         551         555
         299         552         556         551         555         550         516         536         535
         298         550         516         536         535         908         915         539         541
         311         908         915         539         541         907         914         904         911
         389         908         915         907         914         906         913         698         697
         395         906         913         698         697         702         705         701         704
         407         702         705         701         704         744         747         743         746
         443         744         747         743         746         994        1011         722         730
         442         994        1011         722         730         993        1010         727         729
         435         727         729         992        1009         993        1010         991        1008
          13         993        1010         991        1008          30          38          34          33
          11          30          38          34          33          83          88          82          87
          51          83          88          82          87          60          67          63          66
          55          60          67          63          66         174         184          71          73
          33         174         184          71          73         183         193          55          54
         317         533         527         901         900         532         534         904         911
         310         532         534         904         911         523         540         539         541
         307         523         540         539         541         538         537         536         535
         302         538         537         536         535         549         554         551         555
         271         549         554         551         555         496         510         508         511
         264         496         510         508         511         494         503         495         504
         267         494         503         495         504         500         499         502         501
         257         500         499         502         501         488         490         996        1013
          41          48          45         181         189          50          56         180         179
          47          50          56         180         179          53          52          55          54
          34          53          52          55          54          70          72          71          73
          58          70          72          71          73          64          65          63          66
          50          64          65          63          66          81          86          82          87
           2          81          86          82          87          32          24          34          33
           5          32          24          34          33          31          22         991        1008
           4          31          22         991        1008         989        1006         992        1009
         256         487         489         488         490         990        1007         996        1013
          77         990        1007         996        1013          99         103         997        1014
          79          99         103         997        1014         102         101         105         104
          64         102         101         105         104         150         156         151         158
         105         150         156         151         158         134         133         132         131
         113         134         133         132         131         123         137         135         138
         122         123         137         135         138         122         120         125         126
         123         122         120         125         126         121         119         124         191
         120         121         119         124         191         178         190         181         189
          41         178         190         181         189          43          44          48          45
         434         715         718         989        1006         714         717         992        1009
         435         714         717         992        1009         726         725         727         729
         445         726         725         727         729         719         728         722         730
         445         719         728         722         730         742         745         743         746
         394         742         745         743         746         689         703         701         704
         395         689         703         701         704         694         696         698         697
         397         694         696         698         697         691         695         907         914
         399         691         695         907         914         905         912         904         911
         398         905         912         904         911         903         902         901         900
         317         903         902         901         900         525         526         533         527
         296         550         516         908         915         899         910         906         913
         400         899         910         906         913         898         909         702         705
         403         898         909         702         705         988        1005         744         747
         402         988        1005         744         747         987        1004         994        1011
          10         987        1004         994        1011          30          38         993        1010
         299         552         556         550         516         548         553         899         910
         275         548         553         899         910         986        1003         898         909
         403         986        1003         898         909         985        1002         988        1005
          26         985        1002         988        1005          80          85         987        1004
          11          80          85         987        1004          83          88          30          38
         277         509         512         552         556         984        1001         548         553
         274         984        1001         548         553         983        1000         986        1003
          81         983        1000         986        1003         177         188         985        1002
          27         177         188         985        1002         175         186          80          85
          53         175         186          80          85          60          67          83          88
         277         995        1012         509         512         982         999         984        1001
          85         982         999         984        1001         143         108         983        1000
          83         143         108         983        1000         149         154         177         188
         111         149         154         177         188         176         187         175         186
          55         176         187         175         186         174         184          60          67
          75         998        1015         995        1012         110         111         982         999
          85         110         111         982         999         152         160         143         108
          84         152         160         143         108         153         161         149         154
         110         153         161         149         154         136         139         176         187
         115         136         139         176         187         183         193         174         184
         117         173         183         172         182         118         125         116         124
         119         116         124         172         182         171         181         170         180
          45         170         180         172         182          51          55         173         183
         116         173         183         118         125         130         136         129         135
         109         130         136         129         135         113         153         127         132
         107         113         153         127         132         148         152         147         151
          73         148         152         147         151          96         110         100         105
          72          96         110         100         105         981         998         980         997
         259         981         998         980         997         498         502         979         996
         269         981         998         498         502         978         995         492         495
         268         978         995         492         495         507         509         506         508
         279         507         509         506         508         547         552         546         551
         305         547         552         546         551         545         550         519         536
         305         545         550         519         536         897         908         522         539
         311         897         908         522         539         896         907         893         904
         396         897         908         896         907         895         906         693         698
         393         895         906         693         698         700         702         699         701
         407         700         702         699         701         741         744         740         743
         447         741         744         740         743         977         994         721         722
         447         977         994         721         722         976         993         724         727
         433         724         727         975         992         976         993         974         991
          15         976         993         974         991          29          30          28          34
          13          29          30          28          34          79          83          78          82
          51          79          83          78          82          59          60          58          63
          49          59          60          58          63         165         174          69          71
          32         165         174          69          71         173         183          51          55
         309         529         533         530         901         520         532         893         904
         308         520         532         893         904         521         523         522         539
         307         521         523         522         539         518         538         519         536
         306         518         538         519         536         544         549         546         551
         271         544         549         546         551         491         496         506         508
         270         491         496         506         508         493         494         492         495
         269         493         494         492         495         497         500         498         502
         259         497         500         498         502         486         488         979         996
          44          49          48         171         181          47          50         170         180
          47          47          50         170         180          46          53          51          55
          46          46          53          51          55          68          70          69          71
          49          68          70          69          71          57          64          58          63
          48          57          64          58          63          77          81          78          82
          12          77          81          78          82          27          32          28          34
          15          27          32          28          34          26          31         974         991
          14          26          31         974         991         972         989         975         992
         258           4         487         486         488         973         990         979         996
          76         973         990         979         996          98          99         980         997
          79          98          99         980         997          97         102         100         105
          78          97         102         100         105         146         150         147         151
         106         146         150         147         151         128         134         127         132
         113         128         134         127         132         114         123         129         135
         112         114         123         129         135         117         122         118         125
         117         117         122         118         125         115         121         116         124
         118         115         121         116         124         169         178         171         181
          40         169         178         171         181           3          43          49          48
         432           2         715         972         989         713         714         975         992
         433         713         714         975         992         723         726         724         727
         446         723         726         724         727         720         719         721         722
         444         720         719         721         722         739         742         740         743
         392         739         742         740         743         688         689         699         701
         393         688         689         699         701         692         694         693         698
         397         692         694         693         698         690         691         896         907
         399         690         691         896         907         894         905         893         904
         309         894         905         893         904         531         903         530         901
         316         531         903         530         901           1         525         529         533
         304         545         550         897         908         892         899         895         906
         405         892         899         895         906         891         898         700         702
         406         891         898         700         702         971         988         741         744
         404         971         988         741         744         970         987         977         994
           9         970         987         977         994          29          30         976         993
         278         547         552         545         550         505         548         892         899
         273         505         548         892         899         969         986         891         898
         405         969         986         891         898         968         985         971         988
           8         968         985         971         988          76          80         970         987
           9          76          80         970         987          79          83          29          30
         279         507         509         547         552         967         984         505         548
         272         967         984         505         548         966         983         969         986
          80         966         983         969         986         168         177         968         985
          52         168         177         968         985         166         175          76          80
          53         166         175          76          80          59          60          79          83
         276         978         995         507         509         965         982         967         984
          82         965         982         967         984         144         143         966         983
          83         144         143         966         983         145         149         168         177
         111         145         149         168         177         167         176         166         175
          54         167         176         166         175         165         174          59          60
          75         981         998         978         995          96         110         965         982
          74          96         110         965         982         148         152         144         143
         108         148         152         144         143         113         153         145         149
         109         113         153         145         149         130         136         167         176
         114         130         136         167         176         173         183         165         174
